GAS LISTING klibs.s 			page 1


   1              	# 1 "klibs.S"
   1              	/*
   0              	
   0              	
   2              	** sccs id:	%W%	%G%
   3              	**
   4              	** File:	klibs.S
   5              	**
   6              	** Author:	4003-506 class of 20113
   7              	**
   8              	** Contributor:
   9              	**
  10              	** Description:	Assembly implementations of kernel library functions
  11              	*/
  12              	
  13              	#define	__KERNEL__20113__
  14              	#define	__ASM__20113__
  15              	
  16              	/*
  17              	** _get_ebp - return current contents of EBP at the time of the call
  18              	**
  19              	** Could be used, e.g., by _kpanic
  20              	*/
  21              	
  22              		.globl	_get_ebp
  23              	_get_ebp:
  24 0000 89E8     		movl	%ebp, %eax
  25 0002 C3       		ret
GAS LISTING klibs.s 			page 2


DEFINED SYMBOLS
             klibs.S:23     .text:0000000000000000 _get_ebp

NO UNDEFINED SYMBOLS
